// Jest Snapshot v1, https://goo.gl/fbAQLP

exports[`<InputForm /> snapshot 1`] = `
<Fragment>
  <Styled(MuiBox)
    maxWidth={500}
    mx="auto"
  >
    <WithStyles(ForwardRef(Typography))
      className="makeStyles-infoText-1"
    >
      Please enter the hours you workedüë®‚Äçüíª
    </WithStyles(ForwardRef(Typography))>
    <TimePickerSet
      fields={
        Array [
          Object {
            "end": "18:00",
            "id": "test-id",
            "start": "09:00",
          },
        ]
      }
      index={0}
      key="test-id"
      remove={[MockFunction]}
      value={
        Object {
          "end": "18:00",
          "start": "09:00",
        }
      }
    />
    <Styled(MuiBox)
      display="flex"
      justifyContent="space-between"
    >
      <WithStyles(ForwardRef(Button))
        className="append-btn"
        color="primary"
        onClick={[MockFunction]}
        variant="contained"
      >
        APPEND
      </WithStyles(ForwardRef(Button))>
      <WithStyles(ForwardRef(Button))
        className="confirm-btn"
        color="primary"
        variant="contained"
      >
        CONFIRM
      </WithStyles(ForwardRef(Button))>
      <WithStyles(ForwardRef(Button))
        className="reset-btn"
        color="secondary"
        disabled={false}
        onClick={[MockFunction]}
        variant="contained"
      >
        RESET
      </WithStyles(ForwardRef(Button))>
    </Styled(MuiBox)>
  </Styled(MuiBox)>
  <ResultDialog
    isOpen={true}
    result={
      Object {
        "breakTime": "01:00",
        "uptime": "08:00",
      }
    }
    setClose={[MockFunction]}
  />
</Fragment>
`;
